// Jest Snapshot v1, https://goo.gl/fbAQLP

exports[`<Comment /> should render <Comment /> 1`] = `
<article
  className="Comment"
>
  <footer
    className="comment__footer"
  >
    <div
      className="comment__author"
    >
      <img
        alt="avatar"
        className="author__avatar"
        src="https://0.gravatar.com/avatar/f734130d2be486763e433ed0bf4fb6ac?s=60&d=https%3A%2F%2F0.gravatar.com%2Favatar%2Fad516503a11cd5ca435acc9bb6523536%3Fs%3D96"
      />
      <b>
        John Smith
      </b>
    </div>
    <div
      className="comment__timestamp"
    >
      <a
        disabled={true}
        href="http://TODO/#comment-43756"
      >
        <time
          dateTime="2018-08-15T18:12:36+02:00"
        >
          August 15, 2018
        </time>
      </a>
    </div>
  </footer>
  <div
    className="comment__body"
  >
    <p
      className="comment__content"
    >
      this is some test comment
    </p>
  </div>
  <div>
    <button
      className="button comment__reply"
      onClick={[Function]}
      type="button"
    >
      reply
    </button>
  </div>
</article>
`;
